WARNING: can't parse line: FILES:=/drivers/net/ethernet/sfc/sfc.ko
kernel/module.c:1265:12: warning: 'try_to_force_load' defined but not used [-Wunused-function]
 static int try_to_force_load(struct module *mod, const char *reason)
            ^~~~~~~~~~~~~~~~~
arch/mips/pci/pci-mt7621.c: In function 'setup_cm_memory_region':
arch/mips/pci/pci-mt7621.c:568:44: warning: format '%lx' expects argument of type 'long unsigned int', but argument 2 has type 'uint64_t' {aka 'long long unsigned int'} [-Wformat=]
   printk("PCI coherence region base: 0x%08lx, mask/settings: 0x%08lx\n",
                                        ~~~~^
                                        %08llx
          read_gcr_reg1_base(),
          ~~~~~~~~~~~~~~~~~~~~               
arch/mips/pci/pci-mt7621.c:568:68: warning: format '%lx' expects argument of type 'long unsigned int', but argument 3 has type 'uint64_t' {aka 'long long unsigned int'} [-Wformat=]
   printk("PCI coherence region base: 0x%08lx, mask/settings: 0x%08lx\n",
                                                                ~~~~^
                                                                %08llx
arch/mips/pci/pci-mt7621.c:570:10:
          read_gcr_reg1_mask());
          ~~~~~~~~~~~~~~~~~~~~                                       
drivers/gpio/gpio-mt7621.c:40:17: warning: 'irq_refcount' defined but not used [-Wunused-variable]
 static atomic_t irq_refcount = ATOMIC_INIT(0);
                 ^~~~~~~~~~~~
drivers/mtd/nand/mtk_nand2.c: In function 'mtk_nand_remove':
drivers/mtd/nand/mtk_nand2.c:2304:20: warning: unused variable 'nand_chip' [-Wunused-variable]
  struct nand_chip *nand_chip = &host->nand_chip;
                    ^~~~~~~~~
net/core/dev.c: In function 'validate_xmit_skb_list':
net/core/dev.c:3153:15: warning: 'tail' may be used uninitialized in this function [-Wmaybe-uninitialized]
    tail->next = skb;
    ~~~~~~~~~~~^~~~~
WARNING: modpost: Found 1 section mismatch(es).
To see full details build your kernel with:
'make CONFIG_DEBUG_SECTION_MISMATCH=y'
net/sched/Kconfig:44: warning: menuconfig statement without prompt
WARNING: modpost: Found 1 section mismatch(es).
To see full details build your kernel with:
'make CONFIG_DEBUG_SECTION_MISMATCH=y'
/mnt/A/BuildOpenWRT/latest/build_dir/target-mipsel_24kc_musl/linux-ramips_mt7621/image-mt7621_telco-electronics_x1.dtb: Warning (reg_format): "reg" property in /pcie@1e140000/pcie0/wifi@0,0 has invalid length (20 bytes) (#address-cells == 2, #size-cells == 1)
/mnt/A/BuildOpenWRT/latest/build_dir/target-mipsel_24kc_musl/linux-ramips_mt7621/image-mt7621_telco-electronics_x1.dtb: Warning (reg_format): "reg" property in /pcie@1e140000/pcie1/wifi@0,0 has invalid length (20 bytes) (#address-cells == 2, #size-cells == 1)
/mnt/A/BuildOpenWRT/latest/build_dir/target-mipsel_24kc_musl/linux-ramips_mt7621/image-mt7621_telco-electronics_x1.dtb: Warning (avoid_default_addr_size): Relying on default #address-cells value for /pcie@1e140000/pcie0/wifi@0,0
/mnt/A/BuildOpenWRT/latest/build_dir/target-mipsel_24kc_musl/linux-ramips_mt7621/image-mt7621_telco-electronics_x1.dtb: Warning (avoid_default_addr_size): Relying on default #size-cells value for /pcie@1e140000/pcie0/wifi@0,0
/mnt/A/BuildOpenWRT/latest/build_dir/target-mipsel_24kc_musl/linux-ramips_mt7621/image-mt7621_telco-electronics_x1.dtb: Warning (avoid_default_addr_size): Relying on default #address-cells value for /pcie@1e140000/pcie1/wifi@0,0
/mnt/A/BuildOpenWRT/latest/build_dir/target-mipsel_24kc_musl/linux-ramips_mt7621/image-mt7621_telco-electronics_x1.dtb: Warning (avoid_default_addr_size): Relying on default #size-cells value for /pcie@1e140000/pcie1/wifi@0,0
Pseudo file "/dev" exists in source filesystem "/mnt/A/BuildOpenWRT/latest/build_dir/target-mipsel_24kc_musl/root-ramips/dev".
Ignoring, exclude it (-e/-ef) to override.
Parallel mksquashfs: Using 1 processor
Creating 4.0 filesystem on /mnt/A/BuildOpenWRT/latest/build_dir/target-mipsel_24kc_musl/linux-ramips_mt7621/root.squashfs, block size 262144.
[-                                                             ]    0/1447   0%[================\                                             ]  400/1447  27%Image Name:   MIPS OpenWrt Linux-4.14.173
Created:      Mon Mar 30 08:13:49 2020
Image Type:   MIPS Linux Kernel Image (lzma compressed)
Data Size:    2195925 Bytes = 2144.46 KiB = 2.09 MiB
Load Address: 80001000
Entry Point:  80001000
Image Name:   MIPS OpenWrt Linux-4.14.173
Created:      Mon Mar 30 08:13:49 2020
Image Type:   MIPS Linux Kernel Image (lzma compressed)
Data Size:    2195900 Bytes = 2144.43 KiB = 2.09 MiB
Load Address: 80001000
Entry Point:  80001000
Image Name:   MIPS OpenWrt Linux-4.14.173
Created:      Mon Mar 30 08:13:49 2020
Image Type:   MIPS Linux Kernel Image (lzma compressed)
Data Size:    8866011 Bytes = 8658.21 KiB = 8.46 MiB
Load Address: 80001000
Entry Point:  80001000
[=============================================================|] 1447/1447 100%

Exportable Squashfs 4.0 filesystem, xz compressed, data block size 262144
	compressed data, compressed metadata, compressed fragments,
	no xattrs, compressed ids
	duplicates are removed
Filesystem size 6893.86 Kbytes (6.73 Mbytes)
	33.63% of uncompressed filesystem size (20498.67 Kbytes)
Inode table size 14362 bytes (14.03 Kbytes)
	21.53% of uncompressed inode table size (66713 bytes)
Directory table size 19692 bytes (19.23 Kbytes)
	44.53% of uncompressed directory table size (44225 bytes)
Number of duplicate files found 186
Number of inodes 1927
Number of files 1417
Number of fragments 39
Number of symbolic links  376
Number of device nodes 1
Number of fifo nodes 0
Number of socket nodes 0
Number of directories 133
Number of ids (unique uids + gids) 1
Number of uids 1
	root (0)
Number of gids 1
	root (0)
Image Name:   MIPS OpenWrt Linux-4.14.173
Created:      Mon Mar 30 08:13:49 2020
Image Type:   MIPS Linux Kernel Image (lzma compressed)
Data Size:    2196126 Bytes = 2144.65 KiB = 2.09 MiB
Load Address: 80001000
Entry Point:  80001000
Image Name:   MIPS OpenWrt Linux-4.14.173
Created:      Mon Mar 30 08:13:49 2020
Image Type:   MIPS Linux Kernel Image (lzma compressed)
Data Size:    2195858 Bytes = 2144.39 KiB = 2.09 MiB
Load Address: 80001000
Entry Point:  80001000
Image Name:   MIPS OpenWrt Linux-4.14.173
Created:      Mon Mar 30 08:13:49 2020
Image Type:   MIPS Linux Kernel Image (lzma compressed)
Data Size:    2195864 Bytes = 2144.40 KiB = 2.09 MiB
Load Address: 80001000
Entry Point:  80001000
Image Name:   MIPS OpenWrt Linux-4.14.173
Created:      Mon Mar 30 08:13:49 2020
Image Type:   MIPS Linux Kernel Image (lzma compressed)
Data Size:    2195991 Bytes = 2144.52 KiB = 2.09 MiB
Load Address: 80001000
Entry Point:  80001000
Image Name:   MIPS OpenWrt Linux-4.14.173
Created:      Mon Mar 30 08:13:49 2020
Image Type:   MIPS Linux Kernel Image (lzma compressed)
Data Size:    2195988 Bytes = 2144.52 KiB = 2.09 MiB
Load Address: 80001000
Entry Point:  80001000
make[6]: Entering directory '/mnt/A/BuildOpenWRT/latest/build_dir/target-mipsel_24kc_musl/linux-ramips_mt7621/dlink_dir-860l-b1-kernel.bin.relocate'
mipsel-openwrt-linux-musl-gcc -D__KERNEL__ -Wall -Wstrict-prototypes -Wno-trigraphs -Os -fno-strict-aliasing -fno-common -fomit-frame-pointer -G 0 -mno-abicalls -fno-pic -ffunction-sections -pipe -mlong-calls -fno-common -ffreestanding -fhonour-copts -mabi=32 -march=mips32r2 -Wa,-32 -Wa,-march=mips32r2 -Wa,-mips32r2 -Wa,--trap -DCONFIG_CACHELINE_SIZE=32 -DKERNEL_ADDR=0x80001000 -D__ASSEMBLY__ -c -o head.o head.S
mipsel-openwrt-linux-musl-ld -static --gc-sections -no-warn-mismatch -e startup -T loader.lds -Ttext 0x81000000 -o loader head.o
mipsel-openwrt-linux-musl-objcopy -O binary -R .reginfo -R .note -R .comment -R .mdebug -R .MIPS.abiflags -S loader loader.bin
make[6]: Leaving directory '/mnt/A/BuildOpenWRT/latest/build_dir/target-mipsel_24kc_musl/linux-ramips_mt7621/dlink_dir-860l-b1-kernel.bin.relocate'
2059+0 records in
2059+0 records out
65888 bytes (66 kB, 64 KiB) copied, 0.0121343 s, 5.4 MB/s
Image Name:   MIPS OpenWrt Linux-4.14.173
Created:      Mon Mar 30 08:13:49 2020
Image Type:   MIPS Linux Kernel Image (lzma compressed)
Data Size:    2195987 Bytes = 2144.52 KiB = 2.09 MiB
Load Address: 80001000
Entry Point:  80001000
Image Name:   MIPS OpenWrt Linux-4.14.173
Created:      Mon Mar 30 08:13:49 2020
Image Type:   MIPS Linux Kernel Image (lzma compressed)
Data Size:    2196063 Bytes = 2144.59 KiB = 2.09 MiB
Load Address: 80001000
Entry Point:  80001000
Image Name:   MIPS OpenWrt Linux-4.14.173
Created:      Mon Mar 30 08:13:49 2020
Image Type:   MIPS Linux Kernel Image (lzma compressed)
Data Size:    2196045 Bytes = 2144.58 KiB = 2.09 MiB
Load Address: 80001000
Entry Point:  80001000
Image Name:   MIPS OpenWrt Linux-4.14.173
Created:      Mon Mar 30 08:13:49 2020
Image Type:   MIPS Linux Kernel Image (lzma compressed)
Data Size:    2182284 Bytes = 2131.14 KiB = 2.08 MiB
Load Address: 80001000
Entry Point:  80001000
Image Name:   MIPS OpenWrt Linux-4.14.173
Created:      Mon Mar 30 08:13:49 2020
Image Type:   MIPS Linux Kernel Image (lzma compressed)
Data Size:    2196059 Bytes = 2144.59 KiB = 2.09 MiB
Load Address: 80001000
Entry Point:  80001000
Image Name:   MIPS OpenWrt Linux-4.14.173
Created:      Mon Mar 30 08:13:49 2020
Image Type:   MIPS Linux Kernel Image (lzma compressed)
Data Size:    2196022 Bytes = 2144.55 KiB = 2.09 MiB
Load Address: 80001000
Entry Point:  80001000
Image Name:   MIPS OpenWrt Linux-4.14.173
Created:      Mon Mar 30 08:13:49 2020
Image Type:   MIPS Linux Kernel Image (lzma compressed)
Data Size:    2195948 Bytes = 2144.48 KiB = 2.09 MiB
Load Address: 80001000
Entry Point:  80001000
Image Name:   MIPS OpenWrt Linux-4.14.173
Created:      Mon Mar 30 08:13:49 2020
Image Type:   MIPS Linux Kernel Image (lzma compressed)
Data Size:    2196026 Bytes = 2144.56 KiB = 2.09 MiB
Load Address: 80001000
Entry Point:  80001000
Image Name:   MIPS OpenWrt Linux-4.14.173
Created:      Mon Mar 30 08:13:49 2020
Image Type:   MIPS Linux Kernel Image (lzma compressed)
Data Size:    2195945 Bytes = 2144.48 KiB = 2.09 MiB
Load Address: 80001000
Entry Point:  80001000
Image Name:   MIPS OpenWrt Linux-4.14.173
Created:      Mon Mar 30 08:13:49 2020
Image Type:   MIPS Linux Kernel Image (lzma compressed)
Data Size:    2196029 Bytes = 2144.56 KiB = 2.09 MiB
Load Address: 80001000
Entry Point:  80001000
Image Name:   MIPS OpenWrt Linux-4.14.173
Created:      Mon Mar 30 08:13:49 2020
Image Type:   MIPS Linux Kernel Image (lzma compressed)
Data Size:    2196030 Bytes = 2144.56 KiB = 2.09 MiB
Load Address: 80001000
Entry Point:  80001000
Image Name:   MIPS OpenWrt Linux-4.14.173
Created:      Mon Mar 30 08:13:49 2020
Image Type:   MIPS Linux Kernel Image (lzma compressed)
Data Size:    2195916 Bytes = 2144.45 KiB = 2.09 MiB
Load Address: 80001000
Entry Point:  80001000
Image Name:   MIPS OpenWrt Linux-4.14.173
Created:      Mon Mar 30 08:13:49 2020
Image Type:   MIPS Linux Kernel Image (lzma compressed)
Data Size:    2195891 Bytes = 2144.42 KiB = 2.09 MiB
Load Address: 80001000
Entry Point:  80001000
Image Name:   MIPS OpenWrt Linux-4.14.173
Created:      Mon Mar 30 08:13:49 2020
Image Type:   MIPS Linux Kernel Image (lzma compressed)
Data Size:    2195869 Bytes = 2144.40 KiB = 2.09 MiB
Load Address: 80001000
Entry Point:  80001000
Image Name:   MIPS OpenWrt Linux-4.14.173
Created:      Mon Mar 30 08:13:49 2020
Image Type:   MIPS Linux Kernel Image (lzma compressed)
Data Size:    2195899 Bytes = 2144.43 KiB = 2.09 MiB
Load Address: 80001000
Entry Point:  80001000
Image Name:   MIPS OpenWrt Linux-4.14.173
Created:      Mon Mar 30 08:13:49 2020
Image Type:   MIPS Linux Kernel Image (lzma compressed)
Data Size:    2196009 Bytes = 2144.54 KiB = 2.09 MiB
Load Address: 80001000
Entry Point:  80001000
Image Name:   MIPS OpenWrt Linux-4.14.173
Created:      Mon Mar 30 08:13:49 2020
Image Type:   MIPS Linux Kernel Image (lzma compressed)
Data Size:    2195974 Bytes = 2144.51 KiB = 2.09 MiB
Load Address: 80001000
Entry Point:  80001000
WARNING: Image file /mnt/A/BuildOpenWRT/latest/build_dir/target-mipsel_24kc_musl/linux-ramips_mt7621/hiwifi_hc5962-kernel.bin is too big
Image Name:   MIPS OpenWrt Linux-4.14.173
Created:      Mon Mar 30 08:13:49 2020
Image Type:   MIPS Linux Kernel Image (lzma compressed)
Data Size:    2195978 Bytes = 2144.51 KiB = 2.09 MiB
Load Address: 80001000
Entry Point:  80001000
Image Name:   MIPS OpenWrt Linux-4.14.173
Created:      Mon Mar 30 08:13:49 2020
Image Type:   MIPS Linux Kernel Image (lzma compressed)
Data Size:    2195987 Bytes = 2144.52 KiB = 2.09 MiB
Load Address: 80001000
Entry Point:  80001000
Image Name:   MIPS OpenWrt Linux-4.14.173
Created:      Mon Mar 30 08:13:49 2020
Image Type:   MIPS Linux Kernel Image (lzma compressed)
Data Size:    2196049 Bytes = 2144.58 KiB = 2.09 MiB
Load Address: 80001000
Entry Point:  80001000
Image Name:   MIPS OpenWrt Linux-4.14.173
Created:      Mon Mar 30 08:13:49 2020
Image Type:   MIPS Linux Kernel Image (lzma compressed)
Data Size:    2195971 Bytes = 2144.50 KiB = 2.09 MiB
Load Address: 80001000
Entry Point:  80001000
Image Name:   a6nm
Created:      Mon Mar 30 08:13:49 2020
Image Type:   MIPS Linux Kernel Image (lzma compressed)
Data Size:    2195994 Bytes = 2144.53 KiB = 2.09 MiB
Load Address: 80001000
Entry Point:  80001000
Image Name:   a8004t
Created:      Mon Mar 30 08:13:49 2020
Image Type:   MIPS Linux Kernel Image (lzma compressed)
Data Size:    2195957 Bytes = 2144.49 KiB = 2.09 MiB
Load Address: 80001000
Entry Point:  80001000
Image Name:   MIPS OpenWrt Linux-4.14.173
Created:      Mon Mar 30 08:13:49 2020
Image Type:   MIPS Linux Kernel Image (lzma compressed)
Data Size:    2195976 Bytes = 2144.51 KiB = 2.09 MiB
Load Address: 80001000
Entry Point:  80001000
Image Name:   MIPS OpenWrt Linux-4.14.173
Created:      Mon Mar 30 08:13:49 2020
Image Type:   MIPS Linux Kernel Image (lzma compressed)
Data Size:    2196008 Bytes = 2144.54 KiB = 2.09 MiB
Load Address: 80001000
Entry Point:  80001000
Image Name:   MIPS OpenWrt Linux-4.14.173
Created:      Mon Mar 30 08:13:49 2020
Image Type:   MIPS Linux Kernel Image (lzma compressed)
Data Size:    2195912 Bytes = 2144.45 KiB = 2.09 MiB
Load Address: 80001000
Entry Point:  80001000
Image Name:   MIPS OpenWrt Linux-4.14.173
Created:      Mon Mar 30 08:13:49 2020
Image Type:   MIPS Linux Kernel Image (lzma compressed)
Data Size:    2195986 Bytes = 2144.52 KiB = 2.09 MiB
Load Address: 80001000
Entry Point:  80001000
make[6]: Entering directory '/mnt/A/BuildOpenWRT/latest/target/linux/ramips/image/lzma-loader'
mkdir /mnt/A/BuildOpenWRT/latest/build_dir/target-mipsel_24kc_musl/linux-ramips_mt7621/mikrotik_rb750gr3-kernel.bin.src
cp -fpR ./src/* /mnt/A/BuildOpenWRT/latest/build_dir/target-mipsel_24kc_musl/linux-ramips_mt7621/mikrotik_rb750gr3-kernel.bin.src/
touch /mnt/A/BuildOpenWRT/latest/build_dir/target-mipsel_24kc_musl/linux-ramips_mt7621/mikrotik_rb750gr3-kernel.bin.src/.prepared
make -C /mnt/A/BuildOpenWRT/latest/build_dir/target-mipsel_24kc_musl/linux-ramips_mt7621/mikrotik_rb750gr3-kernel.bin.src CROSS_COMPILE="mipsel-openwrt-linux-musl-" \
	LZMA_TEXT_START=0x82000000 \
	LOADER_DATA=/mnt/A/BuildOpenWRT/latest/build_dir/target-mipsel_24kc_musl/linux-ramips_mt7621/mikrotik_rb750gr3-kernel.bin \
	FLASH_OFFS= \
	FLASH_MAX= \
	BOARD="MT7621 based boards" \
	PLATFORM="mt7621" \
	clean all
make[7]: Entering directory '/mnt/A/BuildOpenWRT/latest/build_dir/target-mipsel_24kc_musl/linux-ramips_mt7621/mikrotik_rb750gr3-kernel.bin.src'
rm -f loader *.elf *.bin *.o
mipsel-openwrt-linux-musl-gcc -D__KERNEL__ -Wall -Wstrict-prototypes -Wno-trigraphs -Os -fno-strict-aliasing -fno-common -fomit-frame-pointer -G 0 -mno-abicalls -fno-pic -ffunction-sections -pipe -mlong-calls -fno-common -ffreestanding -fhonour-copts -nostartfiles -mabi=32 -march=mips32r2 -Wa,-32 -Wa,-march=mips32r2 -Wa,-mips32r2 -Wa,--trap -D_LZMA_PROB32 -flto  -DCONFIG_ICACHE_SIZE="(32 * 1024)" -DCONFIG_DCACHE_SIZE="(16 * 1024)" -DCONFIG_CACHELINE_SIZE=32 -DLZMA_WRAPPER=1 -DLOADADDR=0x80001000 -D__ASSEMBLY__ -c -o head.o head.S
Image Name:   MIPS OpenWrt Linux-4.14.173
Created:      Mon Mar 30 08:13:49 2020
Image Type:   MIPS Linux Kernel Image (lzma compressed)
Data Size:    2195659 Bytes = 2144.20 KiB = 2.09 MiB
Load Address: 80001000
Entry Point:  80001000
mipsel-openwrt-linux-musl-gcc -D__KERNEL__ -Wall -Wstrict-prototypes -Wno-trigraphs -Os -fno-strict-aliasing -fno-common -fomit-frame-pointer -G 0 -mno-abicalls -fno-pic -ffunction-sections -pipe -mlong-calls -fno-common -ffreestanding -fhonour-copts -nostartfiles -mabi=32 -march=mips32r2 -Wa,-32 -Wa,-march=mips32r2 -Wa,-mips32r2 -Wa,--trap -D_LZMA_PROB32 -flto  -DCONFIG_ICACHE_SIZE="(32 * 1024)" -DCONFIG_DCACHE_SIZE="(16 * 1024)" -DCONFIG_CACHELINE_SIZE=32 -DLZMA_WRAPPER=1 -DLOADADDR=0x80001000 -c -o loader.o loader.c
mipsel-openwrt-linux-musl-gcc -D__KERNEL__ -Wall -Wstrict-prototypes -Wno-trigraphs -Os -fno-strict-aliasing -fno-common -fomit-frame-pointer -G 0 -mno-abicalls -fno-pic -ffunction-sections -pipe -mlong-calls -fno-common -ffreestanding -fhonour-copts -nostartfiles -mabi=32 -march=mips32r2 -Wa,-32 -Wa,-march=mips32r2 -Wa,-mips32r2 -Wa,--trap -D_LZMA_PROB32 -flto  -DCONFIG_ICACHE_SIZE="(32 * 1024)" -DCONFIG_DCACHE_SIZE="(16 * 1024)" -DCONFIG_CACHELINE_SIZE=32 -DLZMA_WRAPPER=1 -DLOADADDR=0x80001000 -c -o cache.o cache.c
mipsel-openwrt-linux-musl-gcc -D__KERNEL__ -Wall -Wstrict-prototypes -Wno-trigraphs -Os -fno-strict-aliasing -fno-common -fomit-frame-pointer -G 0 -mno-abicalls -fno-pic -ffunction-sections -pipe -mlong-calls -fno-common -ffreestanding -fhonour-copts -nostartfiles -mabi=32 -march=mips32r2 -Wa,-32 -Wa,-march=mips32r2 -Wa,-mips32r2 -Wa,--trap -D_LZMA_PROB32 -flto  -DCONFIG_ICACHE_SIZE="(32 * 1024)" -DCONFIG_DCACHE_SIZE="(16 * 1024)" -DCONFIG_CACHELINE_SIZE=32 -DLZMA_WRAPPER=1 -DLOADADDR=0x80001000 -c -o board-mt7621.o board-mt7621.c
mipsel-openwrt-linux-musl-gcc -D__KERNEL__ -Wall -Wstrict-prototypes -Wno-trigraphs -Os -fno-strict-aliasing -fno-common -fomit-frame-pointer -G 0 -mno-abicalls -fno-pic -ffunction-sections -pipe -mlong-calls -fno-common -ffreestanding -fhonour-copts -nostartfiles -mabi=32 -march=mips32r2 -Wa,-32 -Wa,-march=mips32r2 -Wa,-mips32r2 -Wa,--trap -D_LZMA_PROB32 -flto  -DCONFIG_ICACHE_SIZE="(32 * 1024)" -DCONFIG_DCACHE_SIZE="(16 * 1024)" -DCONFIG_CACHELINE_SIZE=32 -DLZMA_WRAPPER=1 -DLOADADDR=0x80001000 -c -o printf.o printf.c
mipsel-openwrt-linux-musl-gcc -D__KERNEL__ -Wall -Wstrict-prototypes -Wno-trigraphs -Os -fno-strict-aliasing -fno-common -fomit-frame-pointer -G 0 -mno-abicalls -fno-pic -ffunction-sections -pipe -mlong-calls -fno-common -ffreestanding -fhonour-copts -nostartfiles -mabi=32 -march=mips32r2 -Wa,-32 -Wa,-march=mips32r2 -Wa,-mips32r2 -Wa,--trap -D_LZMA_PROB32 -flto  -DCONFIG_ICACHE_SIZE="(32 * 1024)" -DCONFIG_DCACHE_SIZE="(16 * 1024)" -DCONFIG_CACHELINE_SIZE=32 -DLZMA_WRAPPER=1 -DLOADADDR=0x80001000 -c -o LzmaDecode.o LzmaDecode.c
mipsel-openwrt-linux-musl-ld -r -b binary --oformat elf32-tradlittlemips -T lzma-data.lds -o data.o /mnt/A/BuildOpenWRT/latest/build_dir/target-mipsel_24kc_musl/linux-ramips_mt7621/mikrotik_rb750gr3-kernel.bin
mipsel-openwrt-linux-musl-gcc -D__KERNEL__ -Wall -Wstrict-prototypes -Wno-trigraphs -Os -fno-strict-aliasing -fno-common -fomit-frame-pointer -G 0 -mno-abicalls -fno-pic -ffunction-sections -pipe -mlong-calls -fno-common -ffreestanding -fhonour-copts -nostartfiles -mabi=32 -march=mips32r2 -Wa,-32 -Wa,-march=mips32r2 -Wa,-mips32r2 -Wa,--trap -D_LZMA_PROB32 -flto  -DCONFIG_ICACHE_SIZE="(32 * 1024)" -DCONFIG_DCACHE_SIZE="(16 * 1024)" -DCONFIG_CACHELINE_SIZE=32 -DLZMA_WRAPPER=1 -DLOADADDR=0x80001000 -static -Wl,--gc-sections -Wl,-no-warn-mismatch -Wl,-e,startup -T loader.lds -Wl,-Ttext,0x82000000 -flto -fwhole-program -Wl,-z,max-page-size=4096 -o loader head.o loader.o cache.o board-mt7621.o printf.o LzmaDecode.o data.o
make[6]: Entering directory '/mnt/A/BuildOpenWRT/latest/target/linux/ramips/image/lzma-loader'
mkdir /mnt/A/BuildOpenWRT/latest/build_dir/target-mipsel_24kc_musl/linux-ramips_mt7621/mikrotik_rbm11g-kernel.bin.src
cp -fpR ./src/* /mnt/A/BuildOpenWRT/latest/build_dir/target-mipsel_24kc_musl/linux-ramips_mt7621/mikrotik_rbm11g-kernel.bin.src/
touch /mnt/A/BuildOpenWRT/latest/build_dir/target-mipsel_24kc_musl/linux-ramips_mt7621/mikrotik_rbm11g-kernel.bin.src/.prepared
make -C /mnt/A/BuildOpenWRT/latest/build_dir/target-mipsel_24kc_musl/linux-ramips_mt7621/mikrotik_rbm11g-kernel.bin.src CROSS_COMPILE="mipsel-openwrt-linux-musl-" \
	LZMA_TEXT_START=0x82000000 \
	LOADER_DATA=/mnt/A/BuildOpenWRT/latest/build_dir/target-mipsel_24kc_musl/linux-ramips_mt7621/mikrotik_rbm11g-kernel.bin \
	FLASH_OFFS= \
	FLASH_MAX= \
	BOARD="MT7621 based boards" \
	PLATFORM="mt7621" \
	clean all
make[7]: Entering directory '/mnt/A/BuildOpenWRT/latest/build_dir/target-mipsel_24kc_musl/linux-ramips_mt7621/mikrotik_rbm11g-kernel.bin.src'
rm -f loader *.elf *.bin *.o
mipsel-openwrt-linux-musl-gcc -D__KERNEL__ -Wall -Wstrict-prototypes -Wno-trigraphs -Os -fno-strict-aliasing -fno-common -fomit-frame-pointer -G 0 -mno-abicalls -fno-pic -ffunction-sections -pipe -mlong-calls -fno-common -ffreestanding -fhonour-copts -nostartfiles -mabi=32 -march=mips32r2 -Wa,-32 -Wa,-march=mips32r2 -Wa,-mips32r2 -Wa,--trap -D_LZMA_PROB32 -flto  -DCONFIG_ICACHE_SIZE="(32 * 1024)" -DCONFIG_DCACHE_SIZE="(16 * 1024)" -DCONFIG_CACHELINE_SIZE=32 -DLZMA_WRAPPER=1 -DLOADADDR=0x80001000 -D__ASSEMBLY__ -c -o head.o head.S
mipsel-openwrt-linux-musl-gcc -D__KERNEL__ -Wall -Wstrict-prototypes -Wno-trigraphs -Os -fno-strict-aliasing -fno-common -fomit-frame-pointer -G 0 -mno-abicalls -fno-pic -ffunction-sections -pipe -mlong-calls -fno-common -ffreestanding -fhonour-copts -nostartfiles -mabi=32 -march=mips32r2 -Wa,-32 -Wa,-march=mips32r2 -Wa,-mips32r2 -Wa,--trap -D_LZMA_PROB32 -flto  -DCONFIG_ICACHE_SIZE="(32 * 1024)" -DCONFIG_DCACHE_SIZE="(16 * 1024)" -DCONFIG_CACHELINE_SIZE=32 -DLZMA_WRAPPER=1 -DLOADADDR=0x80001000 -c -o loader.o loader.c
mipsel-openwrt-linux-musl-gcc -D__KERNEL__ -Wall -Wstrict-prototypes -Wno-trigraphs -Os -fno-strict-aliasing -fno-common -fomit-frame-pointer -G 0 -mno-abicalls -fno-pic -ffunction-sections -pipe -mlong-calls -fno-common -ffreestanding -fhonour-copts -nostartfiles -mabi=32 -march=mips32r2 -Wa,-32 -Wa,-march=mips32r2 -Wa,-mips32r2 -Wa,--trap -D_LZMA_PROB32 -flto  -DCONFIG_ICACHE_SIZE="(32 * 1024)" -DCONFIG_DCACHE_SIZE="(16 * 1024)" -DCONFIG_CACHELINE_SIZE=32 -DLZMA_WRAPPER=1 -DLOADADDR=0x80001000 -c -o cache.o cache.c
mipsel-openwrt-linux-musl-gcc -D__KERNEL__ -Wall -Wstrict-prototypes -Wno-trigraphs -Os -fno-strict-aliasing -fno-common -fomit-frame-pointer -G 0 -mno-abicalls -fno-pic -ffunction-sections -pipe -mlong-calls -fno-common -ffreestanding -fhonour-copts -nostartfiles -mabi=32 -march=mips32r2 -Wa,-32 -Wa,-march=mips32r2 -Wa,-mips32r2 -Wa,--trap -D_LZMA_PROB32 -flto  -DCONFIG_ICACHE_SIZE="(32 * 1024)" -DCONFIG_DCACHE_SIZE="(16 * 1024)" -DCONFIG_CACHELINE_SIZE=32 -DLZMA_WRAPPER=1 -DLOADADDR=0x80001000 -c -o board-mt7621.o board-mt7621.c
mipsel-openwrt-linux-musl-objcopy -O binary -R .reginfo -R .note -R .comment -R .mdebug -R .MIPS.abiflags -S loader loader.bin
mipsel-openwrt-linux-musl-gcc -D__KERNEL__ -Wall -Wstrict-prototypes -Wno-trigraphs -Os -fno-strict-aliasing -fno-common -fomit-frame-pointer -G 0 -mno-abicalls -fno-pic -ffunction-sections -pipe -mlong-calls -fno-common -ffreestanding -fhonour-copts -nostartfiles -mabi=32 -march=mips32r2 -Wa,-32 -Wa,-march=mips32r2 -Wa,-mips32r2 -Wa,--trap -D_LZMA_PROB32 -flto  -DCONFIG_ICACHE_SIZE="(32 * 1024)" -DCONFIG_DCACHE_SIZE="(16 * 1024)" -DCONFIG_CACHELINE_SIZE=32 -DLZMA_WRAPPER=1 -DLOADADDR=0x80001000 -c -o printf.o printf.c
mipsel-openwrt-linux-musl-ld -r -b binary --oformat elf32-tradlittlemips -o loader2.o loader.bin
mipsel-openwrt-linux-musl-gcc -D__KERNEL__ -Wall -Wstrict-prototypes -Wno-trigraphs -Os -fno-strict-aliasing -fno-common -fomit-frame-pointer -G 0 -mno-abicalls -fno-pic -ffunction-sections -pipe -mlong-calls -fno-common -ffreestanding -fhonour-copts -nostartfiles -mabi=32 -march=mips32r2 -Wa,-32 -Wa,-march=mips32r2 -Wa,-mips32r2 -Wa,--trap -D_LZMA_PROB32 -flto  -DCONFIG_ICACHE_SIZE="(32 * 1024)" -DCONFIG_DCACHE_SIZE="(16 * 1024)" -DCONFIG_CACHELINE_SIZE=32 -DLZMA_WRAPPER=1 -DLOADADDR=0x80001000 -c -o LzmaDecode.o LzmaDecode.c
mipsel-openwrt-linux-musl-ld -e startup -T loader2.lds -Ttext 0x80001000 -z max-page-size=4096 -o loader.elf loader2.o
make[7]: Leaving directory '/mnt/A/BuildOpenWRT/latest/build_dir/target-mipsel_24kc_musl/linux-ramips_mt7621/mikrotik_rb750gr3-kernel.bin.src'
make[6]: Leaving directory '/mnt/A/BuildOpenWRT/latest/target/linux/ramips/image/lzma-loader'
mipsel-openwrt-linux-musl-ld -r -b binary --oformat elf32-tradlittlemips -T lzma-data.lds -o data.o /mnt/A/BuildOpenWRT/latest/build_dir/target-mipsel_24kc_musl/linux-ramips_mt7621/mikrotik_rbm11g-kernel.bin
mipsel-openwrt-linux-musl-gcc -D__KERNEL__ -Wall -Wstrict-prototypes -Wno-trigraphs -Os -fno-strict-aliasing -fno-common -fomit-frame-pointer -G 0 -mno-abicalls -fno-pic -ffunction-sections -pipe -mlong-calls -fno-common -ffreestanding -fhonour-copts -nostartfiles -mabi=32 -march=mips32r2 -Wa,-32 -Wa,-march=mips32r2 -Wa,-mips32r2 -Wa,--trap -D_LZMA_PROB32 -flto  -DCONFIG_ICACHE_SIZE="(32 * 1024)" -DCONFIG_DCACHE_SIZE="(16 * 1024)" -DCONFIG_CACHELINE_SIZE=32 -DLZMA_WRAPPER=1 -DLOADADDR=0x80001000 -static -Wl,--gc-sections -Wl,-no-warn-mismatch -Wl,-e,startup -T loader.lds -Wl,-Ttext,0x82000000 -flto -fwhole-program -Wl,-z,max-page-size=4096 -o loader head.o loader.o cache.o board-mt7621.o printf.o LzmaDecode.o data.o
mipsel-openwrt-linux-musl-objcopy -O binary -R .reginfo -R .note -R .comment -R .mdebug -R .MIPS.abiflags -S loader loader.bin
mipsel-openwrt-linux-musl-ld -r -b binary --oformat elf32-tradlittlemips -o loader2.o loader.bin
mipsel-openwrt-linux-musl-ld -e startup -T loader2.lds -Ttext 0x80001000 -z max-page-size=4096 -o loader.elf loader2.o
make[7]: Leaving directory '/mnt/A/BuildOpenWRT/latest/build_dir/target-mipsel_24kc_musl/linux-ramips_mt7621/mikrotik_rbm11g-kernel.bin.src'
make[6]: Leaving directory '/mnt/A/BuildOpenWRT/latest/target/linux/ramips/image/lzma-loader'
make[6]: Entering directory '/mnt/A/BuildOpenWRT/latest/target/linux/ramips/image/lzma-loader'
mkdir /mnt/A/BuildOpenWRT/latest/build_dir/target-mipsel_24kc_musl/linux-ramips_mt7621/mikrotik_rbm33g-kernel.bin.src
cp -fpR ./src/* /mnt/A/BuildOpenWRT/latest/build_dir/target-mipsel_24kc_musl/linux-ramips_mt7621/mikrotik_rbm33g-kernel.bin.src/
touch /mnt/A/BuildOpenWRT/latest/build_dir/target-mipsel_24kc_musl/linux-ramips_mt7621/mikrotik_rbm33g-kernel.bin.src/.prepared
make -C /mnt/A/BuildOpenWRT/latest/build_dir/target-mipsel_24kc_musl/linux-ramips_mt7621/mikrotik_rbm33g-kernel.bin.src CROSS_COMPILE="mipsel-openwrt-linux-musl-" \
	LZMA_TEXT_START=0x82000000 \
	LOADER_DATA=/mnt/A/BuildOpenWRT/latest/build_dir/target-mipsel_24kc_musl/linux-ramips_mt7621/mikrotik_rbm33g-kernel.bin \
	FLASH_OFFS= \
	FLASH_MAX= \
	BOARD="MT7621 based boards" \
	PLATFORM="mt7621" \
	clean all
make[7]: Entering directory '/mnt/A/BuildOpenWRT/latest/build_dir/target-mipsel_24kc_musl/linux-ramips_mt7621/mikrotik_rbm33g-kernel.bin.src'
rm -f loader *.elf *.bin *.o
mipsel-openwrt-linux-musl-gcc -D__KERNEL__ -Wall -Wstrict-prototypes -Wno-trigraphs -Os -fno-strict-aliasing -fno-common -fomit-frame-pointer -G 0 -mno-abicalls -fno-pic -ffunction-sections -pipe -mlong-calls -fno-common -ffreestanding -fhonour-copts -nostartfiles -mabi=32 -march=mips32r2 -Wa,-32 -Wa,-march=mips32r2 -Wa,-mips32r2 -Wa,--trap -D_LZMA_PROB32 -flto  -DCONFIG_ICACHE_SIZE="(32 * 1024)" -DCONFIG_DCACHE_SIZE="(16 * 1024)" -DCONFIG_CACHELINE_SIZE=32 -DLZMA_WRAPPER=1 -DLOADADDR=0x80001000 -D__ASSEMBLY__ -c -o head.o head.S
mipsel-openwrt-linux-musl-gcc -D__KERNEL__ -Wall -Wstrict-prototypes -Wno-trigraphs -Os -fno-strict-aliasing -fno-common -fomit-frame-pointer -G 0 -mno-abicalls -fno-pic -ffunction-sections -pipe -mlong-calls -fno-common -ffreestanding -fhonour-copts -nostartfiles -mabi=32 -march=mips32r2 -Wa,-32 -Wa,-march=mips32r2 -Wa,-mips32r2 -Wa,--trap -D_LZMA_PROB32 -flto  -DCONFIG_ICACHE_SIZE="(32 * 1024)" -DCONFIG_DCACHE_SIZE="(16 * 1024)" -DCONFIG_CACHELINE_SIZE=32 -DLZMA_WRAPPER=1 -DLOADADDR=0x80001000 -c -o loader.o loader.c
mipsel-openwrt-linux-musl-gcc -D__KERNEL__ -Wall -Wstrict-prototypes -Wno-trigraphs -Os -fno-strict-aliasing -fno-common -fomit-frame-pointer -G 0 -mno-abicalls -fno-pic -ffunction-sections -pipe -mlong-calls -fno-common -ffreestanding -fhonour-copts -nostartfiles -mabi=32 -march=mips32r2 -Wa,-32 -Wa,-march=mips32r2 -Wa,-mips32r2 -Wa,--trap -D_LZMA_PROB32 -flto  -DCONFIG_ICACHE_SIZE="(32 * 1024)" -DCONFIG_DCACHE_SIZE="(16 * 1024)" -DCONFIG_CACHELINE_SIZE=32 -DLZMA_WRAPPER=1 -DLOADADDR=0x80001000 -c -o cache.o cache.c
mipsel-openwrt-linux-musl-gcc -D__KERNEL__ -Wall -Wstrict-prototypes -Wno-trigraphs -Os -fno-strict-aliasing -fno-common -fomit-frame-pointer -G 0 -mno-abicalls -fno-pic -ffunction-sections -pipe -mlong-calls -fno-common -ffreestanding -fhonour-copts -nostartfiles -mabi=32 -march=mips32r2 -Wa,-32 -Wa,-march=mips32r2 -Wa,-mips32r2 -Wa,--trap -D_LZMA_PROB32 -flto  -DCONFIG_ICACHE_SIZE="(32 * 1024)" -DCONFIG_DCACHE_SIZE="(16 * 1024)" -DCONFIG_CACHELINE_SIZE=32 -DLZMA_WRAPPER=1 -DLOADADDR=0x80001000 -c -o board-mt7621.o board-mt7621.c
mipsel-openwrt-linux-musl-gcc -D__KERNEL__ -Wall -Wstrict-prototypes -Wno-trigraphs -Os -fno-strict-aliasing -fno-common -fomit-frame-pointer -G 0 -mno-abicalls -fno-pic -ffunction-sections -pipe -mlong-calls -fno-common -ffreestanding -fhonour-copts -nostartfiles -mabi=32 -march=mips32r2 -Wa,-32 -Wa,-march=mips32r2 -Wa,-mips32r2 -Wa,--trap -D_LZMA_PROB32 -flto  -DCONFIG_ICACHE_SIZE="(32 * 1024)" -DCONFIG_DCACHE_SIZE="(16 * 1024)" -DCONFIG_CACHELINE_SIZE=32 -DLZMA_WRAPPER=1 -DLOADADDR=0x80001000 -c -o printf.o printf.c
mipsel-openwrt-linux-musl-gcc -D__KERNEL__ -Wall -Wstrict-prototypes -Wno-trigraphs -Os -fno-strict-aliasing -fno-common -fomit-frame-pointer -G 0 -mno-abicalls -fno-pic -ffunction-sections -pipe -mlong-calls -fno-common -ffreestanding -fhonour-copts -nostartfiles -mabi=32 -march=mips32r2 -Wa,-32 -Wa,-march=mips32r2 -Wa,-mips32r2 -Wa,--trap -D_LZMA_PROB32 -flto  -DCONFIG_ICACHE_SIZE="(32 * 1024)" -DCONFIG_DCACHE_SIZE="(16 * 1024)" -DCONFIG_CACHELINE_SIZE=32 -DLZMA_WRAPPER=1 -DLOADADDR=0x80001000 -c -o LzmaDecode.o LzmaDecode.c
mipsel-openwrt-linux-musl-ld -r -b binary --oformat elf32-tradlittlemips -T lzma-data.lds -o data.o /mnt/A/BuildOpenWRT/latest/build_dir/target-mipsel_24kc_musl/linux-ramips_mt7621/mikrotik_rbm33g-kernel.bin
mipsel-openwrt-linux-musl-gcc -D__KERNEL__ -Wall -Wstrict-prototypes -Wno-trigraphs -Os -fno-strict-aliasing -fno-common -fomit-frame-pointer -G 0 -mno-abicalls -fno-pic -ffunction-sections -pipe -mlong-calls -fno-common -ffreestanding -fhonour-copts -nostartfiles -mabi=32 -march=mips32r2 -Wa,-32 -Wa,-march=mips32r2 -Wa,-mips32r2 -Wa,--trap -D_LZMA_PROB32 -flto  -DCONFIG_ICACHE_SIZE="(32 * 1024)" -DCONFIG_DCACHE_SIZE="(16 * 1024)" -DCONFIG_CACHELINE_SIZE=32 -DLZMA_WRAPPER=1 -DLOADADDR=0x80001000 -static -Wl,--gc-sections -Wl,-no-warn-mismatch -Wl,-e,startup -T loader.lds -Wl,-Ttext,0x82000000 -flto -fwhole-program -Wl,-z,max-page-size=4096 -o loader head.o loader.o cache.o board-mt7621.o printf.o LzmaDecode.o data.o
mipsel-openwrt-linux-musl-objcopy -O binary -R .reginfo -R .note -R .comment -R .mdebug -R .MIPS.abiflags -S loader loader.bin
mipsel-openwrt-linux-musl-ld -r -b binary --oformat elf32-tradlittlemips -o loader2.o loader.bin
mipsel-openwrt-linux-musl-ld -e startup -T loader2.lds -Ttext 0x80001000 -z max-page-size=4096 -o loader.elf loader2.o
make[7]: Leaving directory '/mnt/A/BuildOpenWRT/latest/build_dir/target-mipsel_24kc_musl/linux-ramips_mt7621/mikrotik_rbm33g-kernel.bin.src'
make[6]: Leaving directory '/mnt/A/BuildOpenWRT/latest/target/linux/ramips/image/lzma-loader'
Image Name:   MIPS OpenWrt Linux-4.14.173
Created:      Mon Mar 30 08:13:49 2020
Image Type:   MIPS Linux Kernel Image (lzma compressed)
Data Size:    2195838 Bytes = 2144.37 KiB = 2.09 MiB
Load Address: 80001000
Entry Point:  80001000
Image Name:   MIPS OpenWrt Linux-4.14.173
Created:      Mon Mar 30 08:13:49 2020
Image Type:   MIPS Linux Kernel Image (lzma compressed)
Data Size:    2196159 Bytes = 2144.69 KiB = 2.09 MiB
Load Address: 80001000
Entry Point:  80001000
Image Name:   MIPS OpenWrt Linux-4.14.173
Created:      Mon Mar 30 08:13:49 2020
Image Type:   MIPS Linux Kernel Image (lzma compressed)
Data Size:    2195992 Bytes = 2144.52 KiB = 2.09 MiB
Load Address: 80001000
Entry Point:  80001000
Image Name:   MIPS OpenWrt Linux-4.14.173
Created:      Mon Mar 30 08:13:49 2020
Image Type:   MIPS Linux Kernel Image (lzma compressed)
Data Size:    2196063 Bytes = 2144.59 KiB = 2.09 MiB
Load Address: 80001000
Entry Point:  80001000
Image Name:   MIPS OpenWrt Linux-4.14.173
Created:      Mon Mar 30 08:13:49 2020
Image Type:   MIPS Linux Kernel Image (lzma compressed)
Data Size:    2196058 Bytes = 2144.59 KiB = 2.09 MiB
Load Address: 80001000
Entry Point:  80001000
Image Name:   MIPS OpenWrt Linux-4.14.173
Created:      Mon Mar 30 08:13:49 2020
Image Type:   MIPS Linux Kernel Image (lzma compressed)
Data Size:    2196064 Bytes = 2144.59 KiB = 2.09 MiB
Load Address: 80001000
Entry Point:  80001000
Image Name:   MIPS OpenWrt Linux-4.14.173
Created:      Mon Mar 30 08:13:49 2020
Image Type:   MIPS Linux Kernel Image (lzma compressed)
Data Size:    2196184 Bytes = 2144.71 KiB = 2.09 MiB
Load Address: 80001000
Entry Point:  80001000
Image Name:   MIPS OpenWrt Linux-4.14.173
Created:      Mon Mar 30 08:13:49 2020
Image Type:   MIPS Linux Kernel Image (lzma compressed)
Data Size:    2196061 Bytes = 2144.59 KiB = 2.09 MiB
Load Address: 80001000
Entry Point:  80001000
Image Name:   MIPS OpenWrt Linux-4.14.173
Created:      Mon Mar 30 08:13:49 2020
Image Type:   MIPS Linux Kernel Image (lzma compressed)
Data Size:    2196171 Bytes = 2144.70 KiB = 2.09 MiB
Load Address: 80001000
Entry Point:  80001000
Image Name:   WF2881_0.0.00
Created:      Mon Mar 30 08:13:49 2020
Image Type:   MIPS Linux Kernel Image (lzma compressed)
Data Size:    2195957 Bytes = 2144.49 KiB = 2.09 MiB
Load Address: 80001000
Entry Point:  80001000
Image Name:   MIPS OpenWrt Linux-4.14.173
Created:      Mon Mar 30 08:13:49 2020
Image Type:   MIPS Linux Kernel Image (lzma compressed)
Data Size:    2196080 Bytes = 2144.61 KiB = 2.09 MiB
Load Address: 80001000
Entry Point:  80001000
Image Name:   MIPS OpenWrt Linux-4.14.173
Created:      Mon Mar 30 08:13:49 2020
Image Type:   MIPS Linux Kernel Image (lzma compressed)
Data Size:    2195950 Bytes = 2144.48 KiB = 2.09 MiB
Load Address: 80001000
Entry Point:  80001000
Image Name:   MIPS OpenWrt Linux-4.14.173
Created:      Mon Mar 30 08:13:49 2020
Image Type:   MIPS Linux Kernel Image (lzma compressed)
Data Size:    2195832 Bytes = 2144.37 KiB = 2.09 MiB
Load Address: 80001000
Entry Point:  80001000
Image Name:   MIPS OpenWrt Linux-4.14.173
Created:      Mon Mar 30 08:13:49 2020
Image Type:   MIPS Linux Kernel Image (lzma compressed)
Data Size:    2195922 Bytes = 2144.46 KiB = 2.09 MiB
Load Address: 80001000
Entry Point:  80001000
Image Name:   MIPS OpenWrt Linux-4.14.173
Created:      Mon Mar 30 08:13:49 2020
Image Type:   MIPS Linux Kernel Image (lzma compressed)
Data Size:    2196053 Bytes = 2144.58 KiB = 2.09 MiB
Load Address: 80001000
Entry Point:  80001000
Image Name:   MIPS OpenWrt Linux-4.14.173
Created:      Mon Mar 30 08:13:49 2020
Image Type:   MIPS Linux Kernel Image (lzma compressed)
Data Size:    2195863 Bytes = 2144.40 KiB = 2.09 MiB
Load Address: 80001000
Entry Point:  80001000
Image Name:   C8340R1C-9999
Created:      Mon Mar 30 08:13:49 2020
Image Type:   MIPS Linux Kernel Image (lzma compressed)
Data Size:    2195896 Bytes = 2144.43 KiB = 2.09 MiB
Load Address: 80001000
Entry Point:  80001000
[mktplinkfw] firmware file "/mnt/A/BuildOpenWRT/latest/build_dir/target-mipsel_24kc_musl/linux-ramips_mt7621/tplink_re350-v1-kernel.bin.new" completed
Image Name:   MIPS OpenWrt Linux-4.14.173
Created:      Mon Mar 30 08:13:49 2020
Image Type:   MIPS Linux Kernel Image (lzma compressed)
Data Size:    2195898 Bytes = 2144.43 KiB = 2.09 MiB
Load Address: 80001000
Entry Point:  80001000
Image Name:   MIPS OpenWrt Linux-4.14.173
Created:      Mon Mar 30 08:13:49 2020
Image Type:   MIPS Linux Kernel Image (lzma compressed)
Data Size:    2195819 Bytes = 2144.35 KiB = 2.09 MiB
Load Address: 80001000
Entry Point:  80001000
[mktplinkfw] firmware file "/mnt/A/BuildOpenWRT/latest/build_dir/target-mipsel_24kc_musl/linux-ramips_mt7621/tplink_re650-v1-kernel.bin.new" completed
Image Name:   MIPS OpenWrt Linux-4.14.173
Created:      Mon Mar 30 08:13:49 2020
Image Type:   MIPS Linux Kernel Image (lzma compressed)
Data Size:    2195957 Bytes = 2144.49 KiB = 2.09 MiB
Load Address: 80001000
Entry Point:  80001000
Image Name:   MIPS OpenWrt Linux-4.14.173
Created:      Mon Mar 30 08:13:49 2020
Image Type:   MIPS Linux Kernel Image (lzma compressed)
Data Size:    2195865 Bytes = 2144.40 KiB = 2.09 MiB
Load Address: 80001000
Entry Point:  80001000
Image Name:   MIPS OpenWrt Linux-4.14.173
Created:      Mon Mar 30 08:13:49 2020
Image Type:   MIPS Linux Kernel Image (lzma compressed)
Data Size:    2195905 Bytes = 2144.44 KiB = 2.09 MiB
Load Address: 80001000
Entry Point:  80001000
Image Name:   11AC-NAS-Router(0.0.0)
Created:      Mon Mar 30 08:13:49 2020
Image Type:   MIPS Linux Kernel Image (lzma compressed)
Data Size:    2195923 Bytes = 2144.46 KiB = 2.09 MiB
Load Address: 80001000
Entry Point:  80001000
Image Name:   MIPS OpenWrt Linux-4.14.173
Created:      Mon Mar 30 08:13:49 2020
Image Type:   MIPS Linux Kernel Image (lzma compressed)
Data Size:    2195904 Bytes = 2144.44 KiB = 2.09 MiB
Load Address: 80001000
Entry Point:  80001000
Image Name:   W2914NS-V2(0.0.0)
Created:      Mon Mar 30 08:13:49 2020
Image Type:   MIPS Linux Kernel Image (lzma compressed)
Data Size:    2195917 Bytes = 2144.45 KiB = 2.09 MiB
Load Address: 80001000
Entry Point:  80001000
Image Name:   MIPS OpenWrt Linux-4.14.173
Created:      Mon Mar 30 08:13:49 2020
Image Type:   MIPS Linux Kernel Image (lzma compressed)
Data Size:    2196105 Bytes = 2144.63 KiB = 2.09 MiB
Load Address: 80001000
Entry Point:  80001000
Image Name:   MIPS OpenWrt Linux-4.14.173
Created:      Mon Mar 30 08:13:49 2020
Image Type:   MIPS Linux Kernel Image (lzma compressed)
Data Size:    2196105 Bytes = 2144.63 KiB = 2.09 MiB
Load Address: 80001000
Entry Point:  80001000
Image Name:   MIPS OpenWrt Linux-4.14.173
Created:      Mon Mar 30 08:13:49 2020
Image Type:   MIPS Linux Kernel Image (lzma compressed)
Data Size:    2196004 Bytes = 2144.54 KiB = 2.09 MiB
Load Address: 80001000
Entry Point:  80001000
Image Name:   MIPS OpenWrt Linux-4.14.173
Created:      Mon Mar 30 08:13:49 2020
Image Type:   MIPS Linux Kernel Image (lzma compressed)
Data Size:    2195851 Bytes = 2144.39 KiB = 2.09 MiB
Load Address: 80001000
Entry Point:  80001000
Image Name:   MIPS OpenWrt Linux-4.14.173
Created:      Mon Mar 30 08:13:49 2020
Image Type:   MIPS Linux Kernel Image (lzma compressed)
Data Size:    2196010 Bytes = 2144.54 KiB = 2.09 MiB
Load Address: 80001000
Entry Point:  80001000
Image Name:   MIPS OpenWrt Linux-4.14.173
Created:      Mon Mar 30 08:13:49 2020
Image Type:   MIPS Linux Kernel Image (lzma compressed)
Data Size:    2195965 Bytes = 2144.50 KiB = 2.09 MiB
Load Address: 80001000
Entry Point:  80001000
Image Name:   MIPS OpenWrt Linux-4.14.173
Created:      Mon Mar 30 08:13:49 2020
Image Type:   MIPS Linux Kernel Image (lzma compressed)
Data Size:    2196038 Bytes = 2144.57 KiB = 2.09 MiB
Load Address: 80001000
Entry Point:  80001000
Image Name:   MIPS OpenWrt Linux-4.14.173
Created:      Mon Mar 30 08:13:49 2020
Image Type:   MIPS Linux Kernel Image (lzma compressed)
Data Size:    2195846 Bytes = 2144.38 KiB = 2.09 MiB
Load Address: 80001000
Entry Point:  80001000
Image Name:   MIPS OpenWrt Linux-4.14.173
Created:      Mon Mar 30 08:13:49 2020
Image Type:   MIPS Linux Kernel Image (lzma compressed)
Data Size:    2195895 Bytes = 2144.43 KiB = 2.09 MiB
Load Address: 80001000
Entry Point:  80001000
Image Name:   MIPS OpenWrt Linux-4.14.173
Created:      Mon Mar 30 08:13:49 2020
Image Type:   MIPS Linux Kernel Image (lzma compressed)
Data Size:    2195956 Bytes = 2144.49 KiB = 2.09 MiB
Load Address: 80001000
Entry Point:  80001000
Image Name:   MIPS OpenWrt Linux-4.14.173
Created:      Mon Mar 30 08:13:49 2020
Image Type:   MIPS Linux Kernel Image (lzma compressed)
Data Size:    2195955 Bytes = 2144.49 KiB = 2.09 MiB
Load Address: 80001000
Entry Point:  80001000
4288+1 records in
4288+1 records out
2195964 bytes (2.2 MB, 2.1 MiB) copied, 0.248419 s, 8.8 MB/s
13787+1 records in
13787+1 records out
7059312 bytes (7.1 MB, 6.7 MiB) copied, 0.153108 s, 46.1 MB/s
padding image to 008d4000
padding image to 008e0000
padding image to 00900000
Image Name:   MIPS OpenWrt Linux-4.14.173
Created:      Mon Mar 30 08:13:49 2020
Image Type:   MIPS Linux Kernel Image (lzma compressed)
Data Size:    2195838 Bytes = 2144.37 KiB = 2.09 MiB
Load Address: 80001000
Entry Point:  80001000
Image Name:   MIPS OpenWrt Linux-4.14.173
Created:      Mon Mar 30 08:13:49 2020
Image Type:   MIPS Linux Kernel Image (lzma compressed)
Data Size:    2195901 Bytes = 2144.43 KiB = 2.09 MiB
Load Address: 80001000
Entry Point:  80001000
time: target/linux/install#1840.83#212.18#1102.51
